
Log line 1
Air Malta sucks
Log line 3
